python : ...F
At line:1 char:1
+ python tests_auth.py > test_output.txt 2>&1
+ ~~~~~~~~~~~~~~~~~~~~~~~~~~~~~~~~~~~~~~~~~~~
    + CategoryInfo          : NotSpecified: (...F:String) [], RemoteException
    + FullyQualifiedErrorId : NativeCommandError
 
======================================================================
FAIL: test_valid_login (__main__.AuthTestCase.test_valid_login)
----------------------------------------------------------------------
Traceback (most recent call last):
  File "C:\Users\hp\Desktop\mini-projet\mini-projet\tests_auth.py", line 47, in test_valid_login
    self.assertIn(b'o.elmessaoudi', response.data)
    ~~~~~~~~~~~~~^^^^^^^^^^^^^^^^^^^^^^^^^^^^^^^^^
AssertionError: b'o.elmessaoudi' not found in b'<!DOCTYPE html>\n<html lang="fr">\n\n<head>\n    <meta 
charset="UTF-8">\n    <meta name="viewport" content="width=device-width, initial-scale=1.0">\n    <title>ENSA Safi - 
Orientation</title>\n    <link rel="preconnect" href="https://fonts.googleapis.com">\n    <link rel="preconnect" 
href="https://fonts.gstatic.com" crossorigin>\n    <link 
href="https://fonts.googleapis.com/css2?family=Outfit:wght@300;400;600;700&display=swap" rel="stylesheet">\n    <link 
rel="stylesheet" href="/static/css/style.css">\n    <link rel="stylesheet" 
href="https://cdnjs.cloudflare.com/ajax/libs/font-awesome/6.0.0/css/all.min.css">\n</head>\n\n<body>\n    <nav 
class="navbar">\n        <div class="nav-container">\n            <a href="/" class="nav-brand">\n                <div 
class="brand-logo-wrapper">\n                    <img src="/static/images/logo.png" alt="Logo" class="nav-logo-img">\n 
               </div>\n                <div class="brand-text">\n                    <span 
class="brand-name">ENSA<span>Guide</span></span>\n                </div>\n            </a>\n\n            <div 
class="nav-menu" id="navMenu">\n                <ul class="nav-list">\n                    <li><a href="#home"\n       
                     class="nav-link active">Accueil</a></li>\n                    <li><a href="#filieres"\n           
                 class="nav-link ">Fili\xc3\xa8res</a>\n                    </li>\n                    \n              
      <li><span class="nav-link" style="color: var(--primary);">Othmane El Messaoudi</span></li>\n                    
<li><a href="/logout" class="nav-link">D\xc3\xa9connexion</a></li>\n                    \n                    <li><a 
href="/test-orientation" class="nav-cta">Faire le test</a></li>\n                </ul>\n            </div>\n\n         
   <button class="mobile-toggle" aria-label="Toggle menu">\n                <i class="fas fa-bars"></i>\n            
</button>\n        </div>\n    </nav>\n\n    <main>\n        \n<section class="hero" id="home">\n    <div 
class="hero-container">\n        <div class="hero-content">\n            <span class="hero-subtitle">Orientation ENSA 
Safi</span>\n            <h1>Trouvez votre voie vers <br><span class="highlight">l\'Excellence</span></h1>\n           
 <p>Une orientation intelligente pour les \xc3\xa9tudiants du cycle pr\xc3\xa9paratoire ENSA Safi. D\xc3\xa9couvrez la 
fili\xc3\xa8re qui\n                correspond \xc3\xa0 votre potentiel.</p>\n            <div class="cta-group">\n    
            <a href="/test-orientation" class="btn-primary btn-lg shadow-hover">\n                    Commencer le 
Test <i class="fas fa-arrow-right"></i>\n                </a>\n                <a href="#filieres" 
class="btn-secondary btn-lg">\n                    Explorer les fili\xc3\xa8res\n                </a>\n            
</div>\n            <div class="hero-stats">\n                <div class="stat-item">\n                    <span 
class="stat-number">6</span>\n                    <span class="stat-label">Fili\xc3\xa8res d\'Excellence</span>\n      
          </div>\n                <div class="stat-item">\n                    <span class="stat-number">100%</span>\n 
                   <span class="stat-label">Gratuit & Rapide</span>\n                </div>\n            </div>\n      
  </div>\n        <div class="hero-image">\n            <div class="image-wrapper">\n                <i class="fas 
fa-compass fa-10x compass-icon"></i>\n                <div class="floating-card card-1">\n                    <i 
class="fas fa-brain"></i> Orientation intelligente\n                </div>\n                <div class="floating-card 
card-2">\n                    <i class="fas fa-graduation-cap"></i> Parcours acad\xc3\xa9miques\n                
</div>\n                <div class="floating-card card-3">\n                    <i class="fas fa-user-check"></i> 
\xc3\x89valuation personnalis\xc3\xa9e\n                </div>\n            </div>\n        </div>\n    
</div>\n</section>\n\n<section id="filieres" class="features">\n    <div class="section-header">\n        <h2>Nos 
Sp\xc3\xa9cialit\xc3\xa9s</h2>\n        <p>D\xc3\xa9couvrez les 6 fili\xc3\xa8res d\'excellence de l\'ENSA Safi</p>\n  
  </div>\n    <div class="grid-container">\n        <!-- GIIA -->\n        <div class="card" id="giia">\n            
<div class="card-icon"><i class="fas fa-laptop-code"></i></div>\n            <h3>GIIA</h3>\n            
<p>G\xc3\xa9nie Informatique et Intelligence Artificielle</p>\n            <a href="/filiere/GIIA" 
class="card-link">D\xc3\xa9tails <i\n                    class="fas fa-chevron-right"></i></a>\n        </div>\n       
 <!-- GTR -->\n        <div class="card" id="gtr">\n            <div class="card-icon"><i class="fas 
fa-network-wired"></i></div>\n            <h3>GTR</h3>\n            <p>G\xc3\xa9nie des 
T\xc3\xa9l\xc3\xa9communications et R\xc3\xa9seaux </p>\n            <a href="/filiere/GTR" 
class="card-link">D\xc3\xa9tails <i\n                    class="fas fa-chevron-right"></i></a>\n        </div>\n       
 <!-- GINDUS -->\n        <div class="card" id="gindus">\n            <div class="card-icon"><i class="fas 
fa-industry"></i></div>\n            <h3>GINDUS</h3>\n            <p>G\xc3\xa9nie Industriel</p>\n            <a 
href="/filiere/GINDUS" class="card-link">D\xc3\xa9tails <i\n                    class="fas 
fa-chevron-right"></i></a>\n        </div>\n        <!-- GMSI -->\n        <div class="card" id="gmsi">\n            
<div class="card-icon"><i class="fas fa-robot"></i></div>\n            <h3>GMSI</h3>\n            <p>G\xc3\xa9nie 
M\xc3\xa9catronique et syst\xc3\xa8mes intelligents </p>\n            <a href="/filiere/GMSI" 
class="card-link">D\xc3\xa9tails <i\n                    class="fas fa-chevron-right"></i></a>\n        </div>\n       
 <!-- GPMA -->\n        <div class="card" id="gpma">\n            <div class="card-icon"><i class="fas 
fa-flask"></i></div>\n            <h3>GPMA</h3>\n            <p>G\xc3\xa9nie des Proc\xc3\xa9d\xc3\xa9s & 
Mat\xc3\xa9riaux Avanc\xc3\xa9s</p>\n            <a href="/filiere/GPMA" class="card-link">D\xc3\xa9tails <i\n         
           class="fas fa-chevron-right"></i></a>\n        </div>\n        <!-- GATE -->\n        <div class="card" 
id="gate">\n            <div class="card-icon"><i class="fas fa-plane-departure"></i></div>\n            
<h3>GATE</h3>\n            <p>G\xc3\xa9nie A\xc3\xa9ronautique et Technologies de l\'Espace</p>\n            <a 
href="/filiere/GATE" class="card-link">D\xc3\xa9tails <i\n                    class="fas fa-chevron-right"></i></a>\n  
      </div>\n    </div>\n</section>\n\n<script>\n    // Clear test state when returning to home page\n    
sessionStorage.removeItem(\'testInProgress\');\n    sessionStorage.removeItem(\'currentPage\');\n    
sessionStorage.removeItem(\'testAnswers\');\n</script>\n\n    </main>\n\n    <footer>\n        <div 
class="footer-content">\n            <div class="footer-section">\n                <h3>Emplacement</h3>\n              
  <div class="separator-line"></div>\n                <!-- Assuming placeholder map or address here based on image 
empty space -->\n                <iframe class="map-frame"\n                    src="https://www.google.com/maps/embed?
pb=!1m18!1m12!1m3!1d1685.7269476701522!2d-9.26354248280335!3d32.32652228881053!2m3!1f0!2f0!3f0!3m2!1i1024!2i768!4f13.1!
3m3!1m2!1s0xdac2176b55d2d85%3A0x8f039c8e14c1a1af!2sENSA%20%3A%20%C3%89cole%20Nationale%20des%20Sciences%20Appliqu%C3%A9
es_Safi!5e0!3m2!1sfr!2sma!4v1768385060442!5m2!1sfr!2sma"\n                    allowfullscreen="" loading="lazy" 
referrerpolicy="no-referrer-when-downgrade"></iframe>\n            </div>\n            <div class="footer-section">\n  
              <h3>Suivez nous</h3>\n                <div class="separator-line"></div>\n                <p 
class="social-text">Restez connect\xc3\xa9 avec nous ! Suivez notre page Facebook pour ne rien manquer de\n            
        notre actualit\xc3\xa9, de nos nouveaut\xc3\xa9s et \xc3\xa9v\xc3\xa9nements</p>\n                <a 
href="https://www.facebook.com/people/ENSA-Safi-Info/100064000064865/" class="social-link"\n                    
target="_blank">\n                    <svg width="20" height="20" viewBox="0 0 24 24" fill="none" 
xmlns="http://www.w3.org/2000/svg">\n                        <path\n                            d="M15 
2H18V6H16C14.8954 6 14 6.89543 14 8V10H18L16.9565 14H13.8261V22H9.65217V14H6V10.0396H10V7C10 4.23858 12.2386 2 15 
2Z"\n                            stroke="currentColor" stroke-width="2" stroke-linecap="round" stroke-linejoin="round" 
/>\n                    </svg>\n                    ENSAS.officiel\n                </a>\n            </div>\n         
   <div class="footer-section">\n                <h3>Contact</h3>\n                <div 
class="separator-line"></div>\n                <ul class="contact-list">\n                    <li>\n                   
     <a href="https://maps.app.goo.gl/sjnj55hBq839RLuW9" target="_blank" aria-label="Location">\n                      
      <i class="fas fa-map-marker-alt"></i>\n                        </a>\n                        Route Sidi Bouzid 
BP 63, 46000 Safi maroc\n                    </li>\n                    <li>\n                        <a 
href="mailto:ensas@uca.ac.ma" aria-label="Email">\n                            <i class="fas fa-envelope"></i>\n       
                 </a>\n                        ensas@uca.ac.ma\n                    </li>\n                    <li>\n  
                      <a href="tel:+212656200007" aria-label="Phone">\n                            <i class="fas 
fa-phone-alt"></i>\n                        </a>\n                        +212 656-200007\n                    </li>\n 
               </ul>\n            </div>\n        </div>\n        <div class="footer-line-container">\n            
<div class="footer-line-animation"></div>\n        </div>\n        <div class="footer-bottom">\n            <p>&copy; 
2026 ENSA Safi - EL KIHEL Riyad, EL MESSAOUDI Othmane & HALOUBI Ahmed</p>\n        </div>\n    </footer>\n\n    <!-- 
Chatbot Widget -->\n    <div class="chat-widget-btn" onclick="toggleChat()">\n        <i class="fas 
fa-comment-dots"></i>\n    </div>\n\n    <div class="chat-window" id="chatWindow">\n        <div 
class="chat-header">\n            <span>Assistant ENSA</span>\n            <i class="fas fa-times chat-close" 
onclick="toggleChat()"></i>\n        </div>\n        <div class="chat-body" id="chatBody">\n            <div 
class="message bot-message">\n                Bonjour ! Je suis l\'assistant virtuel. Posez-moi vos questions sur 
l\'orientation.\n            </div>\n        </div>\n        <div class="chat-input-area">\n            <input 
type="text" id="chatInput" placeholder="Posez une question..." onkeypress="handleKeyPress(event)">\n            
<button onclick="sendMessage()"><i class="fas fa-paper-plane"></i></button>\n        </div>\n    </div>\n\n    
<script>\n        function toggleChat() {\n            
document.getElementById(\'chatWindow\').classList.toggle(\'active\');\n        }\n\n        function 
handleKeyPress(event) {\n            if (event.key === \'Enter\') {\n                sendMessage();\n            }\n   
     }\n\n        // Navbar Scroll Effect\n        // Navbar Scroll Effect & Active Link Highlight\n        
window.addEventListener(\'scroll\', () => {\n            const navbar = document.querySelector(\'.navbar\');\n         
   if (window.scrollY > 20) {\n                navbar.classList.add(\'scrolled\');\n            } else {\n             
   navbar.classList.remove(\'scrolled\');\n            }\n\n            // ScrollSpy for Homepage\n            const 
filieresSection = document.getElementById(\'filieres\');\n            if (filieresSection) {\n                const 
scrollPos = window.scrollY + 150; // Offset for navbar height\n                const navLinks = 
document.querySelectorAll(\'.nav-link\');\n\n                if (navLinks.length >= 2) {\n                    const 
accueilLink = navLinks[0];\n                    const filieresLink = navLinks[1];\n\n                    if (scrollPos 
>= filieresSection.offsetTop) {\n                        accueilLink.classList.remove(\'active\');\n                   
     filieresLink.classList.add(\'active\');\n                    } else {\n                        
accueilLink.classList.add(\'active\');\n                        filieresLink.classList.remove(\'active\');\n           
         }\n                }\n            }\n        });\n\n        // Mobile Menu Toggle\n        const mobileToggle 
= document.querySelector(\'.mobile-toggle\');\n        const navMenu = document.getElementById(\'navMenu\');\n\n       
 if (mobileToggle) {\n            mobileToggle.addEventListener(\'click\', () => {\n                
navMenu.classList.toggle(\'active\');\n                const icon = mobileToggle.querySelector(\'i\');\n               
 if (navMenu.classList.contains(\'active\')) {\n                    icon.classList.remove(\'fa-bars\');\n              
      icon.classList.add(\'fa-times\');\n                } else {\n                    
icon.classList.remove(\'fa-times\');\n                    icon.classList.add(\'fa-bars\');\n                }\n        
    });\n        }\n\n        async function sendMessage() {\n            const input = 
document.getElementById(\'chatInput\');\n            const message = input.value.trim();\n            const chatBody = 
document.getElementById(\'chatBody\');\n\n            if (!message) return;\n\n            // User Message\n           
 chatBody.innerHTML += `\n                <div class="message user-message" style="align-self: 
flex-end;">${message}</div>\n            `;\n            input.value = \'\';\n            chatBody.scrollTop = 
chatBody.scrollHeight;\n\n            try {\n                const response = await fetch(\'/api/chat\', {\n           
         method: \'POST\',\n                    headers: { \'Content-Type\': \'application/json\' },\n                 
   body: JSON.stringify({ message: message })\n                });\n                const data = await 
response.json();\n\n                // Bot Message\n                chatBody.innerHTML += `\n                    <div 
class="message bot-message">${data.response}</div>\n                `;\n                chatBody.scrollTop = 
chatBody.scrollHeight;\n            } catch (error) {\n                console.error(\'Error:\', error);\n            
}\n        }\n    </script>\n</body>\n\n</html>'

----------------------------------------------------------------------
Ran 4 tests in 0.539s

FAILED (failures=1)
